// Jest Snapshot v1, https://goo.gl/fbAQLP

exports[`creates backup bucket and kms key 1`] = `
{
  "Outputs": {
    "BackupBucketArn": {
      "Value": {
        "Fn::GetAtt": [
          "BackupBucket26B8E51C",
          "Arn",
        ],
      },
    },
    "KmsKeyArn": {
      "Value": {
        "Fn::GetAtt": [
          "S3BackupKeyB921581F",
          "Arn",
        ],
      },
    },
  },
  "Resources": {
    "BackupBucket26B8E51C": {
      "DeletionPolicy": "Retain",
      "Properties": {
        "BucketEncryption": {
          "ServerSideEncryptionConfiguration": [
            {
              "BucketKeyEnabled": true,
              "ServerSideEncryptionByDefault": {
                "KMSMasterKeyID": {
                  "Fn::GetAtt": [
                    "S3BackupKeyB921581F",
                    "Arn",
                  ],
                },
                "SSEAlgorithm": "aws:kms",
              },
            },
          ],
        },
        "LifecycleConfiguration": {
          "Rules": [
            {
              "AbortIncompleteMultipartUpload": {
                "DaysAfterInitiation": 7,
              },
              "ExpiredObjectDeleteMarker": true,
              "Id": "BackupLifecycleRule",
              "NoncurrentVersionExpiration": {
                "NoncurrentDays": 45,
              },
              "NoncurrentVersionTransitions": [
                {
                  "NewerNoncurrentVersions": 2,
                  "StorageClass": "ONEZONE_IA",
                  "TransitionInDays": 30,
                },
              ],
              "Status": "Enabled",
              "Transitions": [
                {
                  "StorageClass": "INTELLIGENT_TIERING",
                  "TransitionInDays": 14,
                },
              ],
            },
          ],
        },
        "OwnershipControls": {
          "Rules": [
            {
              "ObjectOwnership": "BucketOwnerEnforced",
            },
          ],
        },
        "PublicAccessBlockConfiguration": {
          "BlockPublicAcls": true,
          "BlockPublicPolicy": true,
          "IgnorePublicAcls": true,
          "RestrictPublicBuckets": true,
        },
        "VersioningConfiguration": {
          "Status": "Enabled",
        },
      },
      "Type": "AWS::S3::Bucket",
      "UpdateReplacePolicy": "Retain",
    },
    "BackupBucketPolicy8C403F71": {
      "Properties": {
        "Bucket": {
          "Ref": "BackupBucket26B8E51C",
        },
        "PolicyDocument": {
          "Statement": [
            {
              "Action": "s3:*",
              "Condition": {
                "Bool": {
                  "aws:SecureTransport": "false",
                },
              },
              "Effect": "Deny",
              "Principal": {
                "AWS": "*",
              },
              "Resource": [
                {
                  "Fn::GetAtt": [
                    "BackupBucket26B8E51C",
                    "Arn",
                  ],
                },
                {
                  "Fn::Join": [
                    "",
                    [
                      {
                        "Fn::GetAtt": [
                          "BackupBucket26B8E51C",
                          "Arn",
                        ],
                      },
                      "/*",
                    ],
                  ],
                },
              ],
            },
          ],
          "Version": "2012-10-17",
        },
      },
      "Type": "AWS::S3::BucketPolicy",
    },
    "S3BackupKeyAliasB27C0F2A": {
      "Properties": {
        "AliasName": "alias/s3-backup-key",
        "TargetKeyId": {
          "Fn::GetAtt": [
            "S3BackupKeyB921581F",
            "Arn",
          ],
        },
      },
      "Type": "AWS::KMS::Alias",
    },
    "S3BackupKeyB921581F": {
      "DeletionPolicy": "Retain",
      "Properties": {
        "Description": "Key to be used for S3 SSE-KMS",
        "Enabled": true,
        "KeyPolicy": {
          "Statement": [
            {
              "Action": "kms:*",
              "Effect": "Allow",
              "Principal": {
                "AWS": {
                  "Fn::Join": [
                    "",
                    [
                      "arn:",
                      {
                        "Ref": "AWS::Partition",
                      },
                      ":iam::",
                      {
                        "Ref": "AWS::AccountId",
                      },
                      ":root",
                    ],
                  ],
                },
              },
              "Resource": "*",
            },
          ],
          "Version": "2012-10-17",
        },
        "KeySpec": "SYMMETRIC_DEFAULT",
        "KeyUsage": "ENCRYPT_DECRYPT",
      },
      "Type": "AWS::KMS::Key",
      "UpdateReplacePolicy": "Retain",
    },
  },
}
`;
