// Jest Snapshot v1, https://goo.gl/fbAQLP

exports[`creates cost budget 1`] = `
{
  "Metadata": {
    "AWS::CloudFormation::Interface": {
      "ParameterGroups": [
        {
          "Label": {
            "default": "AWS Budget configuration",
          },
          "Parameters": [
            "BudgetThreshold",
            "NotificationAddress",
            "NotificationType",
          ],
        },
      ],
      "ParameterLabels": {
        "BudgetThreshold": {
          "default": "Budgeted amount (in USD)",
        },
        "NotificationAddress": {
          "default": "Address that AWS sends budget notifications to, either an SNS topic or an email",
        },
        "NotificationType": {
          "default": "Type of notification that AWS sends to a subscriber",
        },
      },
    },
  },
  "Outputs": {
    "BudgetName": {
      "Value": {
        "Ref": "MonthlyBudget",
      },
    },
  },
  "Parameters": {
    "BudgetThreshold": {
      "Default": 50,
      "MinValue": 0,
      "Type": "Number",
    },
    "NotificationAddress": {
      "Type": "String",
    },
    "NotificationType": {
      "AllowedValues": [
        "EMAIL",
        "SNS",
      ],
      "Default": "EMAIL",
      "Type": "String",
    },
  },
  "Resources": {
    "MonthlyBudget": {
      "Properties": {
        "Budget": {
          "BudgetLimit": {
            "Amount": {
              "Ref": "BudgetThreshold",
            },
            "Unit": "USD",
          },
          "BudgetName": {
            "Fn::Join": [
              "",
              [
                "monthly-budget-",
                {
                  "Ref": "AWS::AccountId",
                },
              ],
            ],
          },
          "BudgetType": "COST",
          "TimeUnit": "MONTHLY",
        },
        "NotificationsWithSubscribers": [
          {
            "Notification": {
              "ComparisonOperator": "GREATER_THAN",
              "NotificationType": "FORECASTED",
              "Threshold": 50,
              "ThresholdType": "PERCENTAGE",
            },
            "Subscribers": [
              {
                "Address": {
                  "Ref": "NotificationAddress",
                },
                "SubscriptionType": {
                  "Ref": "NotificationType",
                },
              },
            ],
          },
          {
            "Notification": {
              "ComparisonOperator": "GREATER_THAN",
              "NotificationType": "FORECASTED",
              "Threshold": 100,
              "ThresholdType": "PERCENTAGE",
            },
            "Subscribers": [
              {
                "Address": {
                  "Ref": "NotificationAddress",
                },
                "SubscriptionType": {
                  "Ref": "NotificationType",
                },
              },
            ],
          },
          {
            "Notification": {
              "ComparisonOperator": "GREATER_THAN",
              "NotificationType": "ACTUAL",
              "Threshold": 100,
              "ThresholdType": "PERCENTAGE",
            },
            "Subscribers": [
              {
                "Address": {
                  "Ref": "NotificationAddress",
                },
                "SubscriptionType": {
                  "Ref": "NotificationType",
                },
              },
            ],
          },
          {
            "Notification": {
              "ComparisonOperator": "GREATER_THAN",
              "NotificationType": "ACTUAL",
              "Threshold": 200,
              "ThresholdType": "PERCENTAGE",
            },
            "Subscribers": [
              {
                "Address": {
                  "Ref": "NotificationAddress",
                },
                "SubscriptionType": {
                  "Ref": "NotificationType",
                },
              },
            ],
          },
          {
            "Notification": {
              "ComparisonOperator": "GREATER_THAN",
              "NotificationType": "ACTUAL",
              "Threshold": 300,
              "ThresholdType": "PERCENTAGE",
            },
            "Subscribers": [
              {
                "Address": {
                  "Ref": "NotificationAddress",
                },
                "SubscriptionType": {
                  "Ref": "NotificationType",
                },
              },
            ],
          },
        ],
      },
      "Type": "AWS::Budgets::Budget",
    },
  },
}
`;
